MemTotal:       64210064 kB
MemFree:        21983648 kB
MemAvailable:   29287500 kB
Buffers:          988200 kB
Cached:          9841348 kB
SwapCached:            0 kB
Active:         32704296 kB
Inactive:        4505356 kB
Active(anon):   30421492 kB
Inactive(anon):        0 kB
Active(file):    2282804 kB
Inactive(file):  4505356 kB
Unevictable:     2395236 kB
Mlocked:         2395236 kB
SwapTotal:       8388604 kB
SwapFree:        8388604 kB
Zswap:                 0 kB
Zswapped:              0 kB
Dirty:             12980 kB
Writeback:             0 kB
AnonPages:      28775340 kB
Mapped:          1863684 kB
Shmem:           3872684 kB
KReclaimable:    1237704 kB
Slab:            1809804 kB
SReclaimable:    1237704 kB
SUnreclaim:       572100 kB
KernelStack:       40240 kB
PageTables:       128104 kB
SecPageTables:      6924 kB
NFS_Unstable:          0 kB
Bounce:                0 kB
WritebackTmp:          0 kB
CommitLimit:    40493636 kB
Committed_AS:   230639752 kB
VmallocTotal:   34359738367 kB
VmallocUsed:      215076 kB
VmallocChunk:          0 kB
Percpu:            54640 kB
HardwareCorrupted:     0 kB
AnonHugePages:     12288 kB
ShmemHugePages:        0 kB
ShmemPmdMapped:        0 kB
FileHugePages:         0 kB
FilePmdMapped:         0 kB
Unaccepted:            0 kB
HugePages_Total:       0
HugePages_Free:        0
HugePages_Rsvd:        0
HugePages_Surp:        0
Hugepagesize:       2048 kB
Hugetlb:               0 kB
DirectMap4k:     1548872 kB
DirectMap2M:    29585408 kB
DirectMap1G:    35651584 kB
