MemTotal:       64210064 kB
MemFree:        21055892 kB
MemAvailable:   29454136 kB
Buffers:         1025952 kB
Cached:         10811888 kB
SwapCached:            0 kB
Active:         32643904 kB
Inactive:        5506160 kB
Active(anon):   30359128 kB
Inactive(anon):        0 kB
Active(file):    2284776 kB
Inactive(file):  5506160 kB
Unevictable:     2395236 kB
Mlocked:         2395236 kB
SwapTotal:       8388604 kB
SwapFree:        8388604 kB
Zswap:                 0 kB
Zswapped:              0 kB
Dirty:              1348 kB
Writeback:             0 kB
AnonPages:      28707172 kB
Mapped:          1880856 kB
Shmem:           3878192 kB
KReclaimable:    1329320 kB
Slab:            1912440 kB
SReclaimable:    1329320 kB
SUnreclaim:       583120 kB
KernelStack:       39696 kB
PageTables:       125476 kB
SecPageTables:      6924 kB
NFS_Unstable:          0 kB
Bounce:                0 kB
WritebackTmp:          0 kB
CommitLimit:    40493636 kB
Committed_AS:   228508684 kB
VmallocTotal:   34359738367 kB
VmallocUsed:      214540 kB
VmallocChunk:          0 kB
Percpu:            54880 kB
HardwareCorrupted:     0 kB
AnonHugePages:     12288 kB
ShmemHugePages:        0 kB
ShmemPmdMapped:        0 kB
FileHugePages:         0 kB
FilePmdMapped:         0 kB
Unaccepted:            0 kB
HugePages_Total:       0
HugePages_Free:        0
HugePages_Rsvd:        0
HugePages_Surp:        0
Hugepagesize:       2048 kB
Hugetlb:               0 kB
DirectMap4k:     1548872 kB
DirectMap2M:    29585408 kB
DirectMap1G:    35651584 kB
