MemTotal:       64210064 kB
MemFree:        20128988 kB
MemAvailable:   29064592 kB
Buffers:         1050140 kB
Cached:         11289848 kB
SwapCached:            0 kB
Active:         32826412 kB
Inactive:        5931940 kB
Active(anon):   30468192 kB
Inactive(anon):        0 kB
Active(file):    2358220 kB
Inactive(file):  5931940 kB
Unevictable:     2395236 kB
Mlocked:         2395236 kB
SwapTotal:       8388604 kB
SwapFree:        8388604 kB
Zswap:                 0 kB
Zswapped:              0 kB
Dirty:             13212 kB
Writeback:             0 kB
AnonPages:      28813816 kB
Mapped:          1887920 kB
Shmem:           3881116 kB
KReclaimable:    1367456 kB
Slab:            1955256 kB
SReclaimable:    1367456 kB
SUnreclaim:       587800 kB
KernelStack:       39840 kB
PageTables:       126524 kB
SecPageTables:      6924 kB
NFS_Unstable:          0 kB
Bounce:                0 kB
WritebackTmp:          0 kB
CommitLimit:    40493636 kB
Committed_AS:   229261548 kB
VmallocTotal:   34359738367 kB
VmallocUsed:      214756 kB
VmallocChunk:          0 kB
Percpu:            54880 kB
HardwareCorrupted:     0 kB
AnonHugePages:     12288 kB
ShmemHugePages:        0 kB
ShmemPmdMapped:        0 kB
FileHugePages:         0 kB
FilePmdMapped:         0 kB
Unaccepted:            0 kB
HugePages_Total:       0
HugePages_Free:        0
HugePages_Rsvd:        0
HugePages_Surp:        0
Hugepagesize:       2048 kB
Hugetlb:               0 kB
DirectMap4k:     1548872 kB
DirectMap2M:    29585408 kB
DirectMap1G:    35651584 kB
