MemTotal:       64210064 kB
MemFree:        21368176 kB
MemAvailable:   29372316 kB
Buffers:         1011980 kB
Cached:         10467000 kB
SwapCached:            0 kB
Active:         32703220 kB
Inactive:        5145176 kB
Active(anon):   30419132 kB
Inactive(anon):        0 kB
Active(file):    2284088 kB
Inactive(file):  5145176 kB
Unevictable:     2395236 kB
Mlocked:         2395236 kB
SwapTotal:       8388604 kB
SwapFree:        8388604 kB
Zswap:                 0 kB
Zswapped:              0 kB
Dirty:              1296 kB
Writeback:             0 kB
AnonPages:      28764828 kB
Mapped:          1875796 kB
Shmem:           3881012 kB
KReclaimable:    1296888 kB
Slab:            1875880 kB
SReclaimable:    1296888 kB
SUnreclaim:       578992 kB
KernelStack:       39832 kB
PageTables:       126552 kB
SecPageTables:      6924 kB
NFS_Unstable:          0 kB
Bounce:                0 kB
WritebackTmp:          0 kB
CommitLimit:    40493636 kB
Committed_AS:   229324960 kB
VmallocTotal:   34359738367 kB
VmallocUsed:      214716 kB
VmallocChunk:          0 kB
Percpu:            54640 kB
HardwareCorrupted:     0 kB
AnonHugePages:     12288 kB
ShmemHugePages:        0 kB
ShmemPmdMapped:        0 kB
FileHugePages:         0 kB
FilePmdMapped:         0 kB
Unaccepted:            0 kB
HugePages_Total:       0
HugePages_Free:        0
HugePages_Rsvd:        0
HugePages_Surp:        0
Hugepagesize:       2048 kB
Hugetlb:               0 kB
DirectMap4k:     1548872 kB
DirectMap2M:    29585408 kB
DirectMap1G:    35651584 kB
